{
  "benchmark_version": "sequential_tool_observation_v2",
  "duplicate_source_records_by_task": {
    "discover_unique": 25,
    "extreme_properties": 116,
    "matbench_pairwise": 0
  },
  "excluded_scientific_fingerprints": 48900,
  "excluded_source_records_by_task": {
    "discover_unique": 8945,
    "extreme_properties": 20072,
    "matbench_pairwise": 12000
  },
  "hidden_outcomes_separated": true,
  "matbot_runtime": false,
  "note": "Benchmark trajectories contain observations and outcomes, not evaluated H5.2 model outputs.",
  "online": false,
  "path": "research/evl_iclr/data/round3_live_tool/sequential_fresh_6000.jsonl",
  "per_task": 300,
  "requested_task_counts": {
    "discover_unique": 2000,
    "extreme_properties": 2000,
    "matbench_pairwise": 2000
  },
  "route_in_harness_output": false,
  "scientific_fingerprint_overlap": 0,
  "seed": 2026082304,
  "semi_synthetic_observation_channel": true,
  "sha256": "72ac8648ee5ef93b300a735679e526f40ea70ef820d23ef0fae0fed036a7bac4",
  "split_counts": {
    "acceptance": 596,
    "feedback": 960,
    "test": 811,
    "train": 3633
  },
  "stages_per_trajectory": 3,
  "task_counts": {
    "discover_unique": 2000,
    "extreme_properties": 2000,
    "matbench_pairwise": 2000
  },
  "total_trajectories": 6000
}
