{
  "certified": false,
  "coverage": 0.10103092783505155,
  "errors": 4,
  "population_mean_strict_gain": 0.057850458814157096,
  "risk_upper_bound": 0.17714788196748052,
  "selected_count": 49,
  "selected_mean_strict_gain": 0.605968827038086,
  "selected_record_ids": [
    "extreme-rlcc::C6::baa51c6ec8fa",
    "matbench-pairwise::08542d9e978a",
    "matbench-pairwise::08a866369a3c",
    "matbench-pairwise::0b7019998f35",
    "matbench-pairwise::0cd92dfe228d",
    "matbench-pairwise::0e1515966111",
    "matbench-pairwise::0f3f97ffbdbf",
    "matbench-pairwise::17dfac529a41",
    "matbench-pairwise::21d07f20eeee",
    "matbench-pairwise::22e74df65445",
    "matbench-pairwise::2cc15952261b",
    "matbench-pairwise::3799659a365e",
    "matbench-pairwise::3da402ffa619",
    "matbench-pairwise::41088e3b15c3",
    "matbench-pairwise::4313d15b7941",
    "matbench-pairwise::591a2c1ed9e4",
    "matbench-pairwise::6d0d3658c86c",
    "matbench-pairwise::6dfd54c81870",
    "matbench-pairwise::752326f2a953",
    "matbench-pairwise::7623bcad6c15",
    "matbench-pairwise::777debbfd37f",
    "matbench-pairwise::881be3018619",
    "matbench-pairwise::901ab7700701",
    "matbench-pairwise::93866993c922",
    "matbench-pairwise::9f8a9282631b",
    "matbench-pairwise::aa84d9dc479f",
    "matbench-pairwise::aef881e84a59",
    "matbench-pairwise::b378f4707e01",
    "matbench-pairwise::b58e3399520c",
    "matbench-pairwise::b824aaffc2de",
    "matbench-pairwise::be0e77e7aaa1",
    "matbench-pairwise::be606926494a",
    "matbench-pairwise::bed67c410208",
    "matbench-pairwise::c414a3748013",
    "matbench-pairwise::c4c2f5b19697",
    "matbench-pairwise::c652eb512f5c",
    "matbench-pairwise::caca079326d3",
    "matbench-pairwise::d195e4260083",
    "matbench-pairwise::d3af361f7819",
    "matbench-pairwise::d40a7e266a16",
    "matbench-pairwise::dabfe4570d82",
    "matbench-pairwise::e0c9ae1b7517",
    "matbench-pairwise::e167df0bc83a",
    "matbench-pairwise::e5ed1dbaa0b9",
    "matbench-pairwise::e9207471b51f",
    "matbench-pairwise::eb847fd7a642",
    "matbench-pairwise::ef780259a4a6",
    "matbench-pairwise::f4db5fa7b33c",
    "matbench-pairwise::fa454a44d35d"
  ],
  "selected_total_strict_gain": 29.69247252486621,
  "selective_risk": 0.08163265306122448,
  "task_breakdown": {
    "discover_unique": {
      "count": 85,
      "coverage": 0.0,
      "errors": 0,
      "selected": 0,
      "selective_risk": 0.0,
      "total_gain": -0.31874999999999976
    },
    "extreme_properties": {
      "count": 200,
      "coverage": 0.005,
      "errors": 0,
      "selected": 1,
      "selective_risk": 0.0,
      "total_gain": 0.12337532197170342
    },
    "matbench_pairwise": {
      "count": 200,
      "coverage": 0.24,
      "errors": 4,
      "selected": 48,
      "selective_risk": 0.08333333333333333,
      "total_gain": 28.252847202894486
    }
  },
  "trajectory_total_strict_gain": 28.057472524866192
}
