{
  "acceptance": null,
  "calibration": {
    "feedback": {
      "base": {
        "brier": 0.08176329567690074,
        "ece_10": 0.012014096480084,
        "positive_rate": 0.2568730908081089
      },
      "screening": {
        "brier": 0.07806943471039948,
        "ece_10": 0.006979874087967471,
        "positive_rate": 0.2568730908081089
      },
      "verification": {
        "brier": 0.06619519638826146,
        "ece_10": 0.0075266183054919795,
        "positive_rate": 0.2568730908081089
      }
    }
  },
  "feedback_partition": {
    "evidence_calibration": 1353,
    "gain_calibration": 1090,
    "policy_ltt": 1158
  },
  "policy_feedback": {
    "adaptive_ambiguity_voi": {
      "alpha": 0.1,
      "certificate_scope": "independent held-out batch certificate; batch ranking couples actions and is not an assumption-free action-wise theorem",
      "certified": false,
      "coverage": 0.1001727115716753,
      "errors": 16,
      "macro_task_population_mean_gain": 0.06593173938091798,
      "macro_task_selective_risk": 0.22775649212430818,
      "population_mean_strict_gain": 0.06384800039636553,
      "risk_upper_bound": 0.2019286111460243,
      "selected_count": 116,
      "selected_mean_strict_gain": 0.6682520211981988,
      "selected_total_strict_gain": 77.51723445899107,
      "selective_risk": 0.13793103448275862,
      "stage_counts": {
        "base": 815,
        "screening": 122,
        "verification": 221
      },
      "task_breakdown": {
        "discover_unique": {
          "count": 289,
          "coverage": 0.10034602076124567,
          "errors": 8,
          "evidence_cost": 2.2,
          "population_mean_gain": 0.05722438918912109,
          "selected": 29,
          "selective_risk": 0.27586206896551724,
          "total_gain": 16.537848475655995
        },
        "extreme_properties": {
          "count": 462,
          "coverage": 0.012987012987012988,
          "errors": 2,
          "evidence_cost": 9.05,
          "population_mean_gain": 0.003378338167391988,
          "selected": 6,
          "selective_risk": 0.3333333333333333,
          "total_gain": 1.5607922333350985
        },
        "matbench_pairwise": {
          "count": 407,
          "coverage": 0.19901719901719903,
          "errors": 6,
          "evidence_cost": 13.899999999999983,
          "population_mean_gain": 0.13719249078624085,
          "selected": 81,
          "selective_risk": 0.07407407407407407,
          "total_gain": 55.837343750000024
        }
      },
      "total_acquired_evidence_cost": 25.15,
      "trajectory_total_strict_gain": 73.93598445899127,
      "worst_task_population_mean_gain": 0.003378338167391988,
      "worst_task_selective_risk": 0.3333333333333333
    },
    "adaptive_conservative_calibrated_p": {
      "alpha": 0.1,
      "certificate_scope": "independent held-out batch certificate; batch ranking couples actions and is not an assumption-free action-wise theorem",
      "certified": false,
      "coverage": 0.1001727115716753,
      "errors": 32,
      "macro_task_population_mean_gain": 0.04042129421592043,
      "macro_task_selective_risk": 0.09195402298850575,
      "population_mean_strict_gain": 0.04249140088923143,
      "risk_upper_bound": 0.3522927430212046,
      "selected_count": 116,
      "selected_mean_strict_gain": 0.43665984680801534,
      "selected_total_strict_gain": 50.65254222972978,
      "selective_risk": 0.27586206896551724,
      "stage_counts": {
        "base": 988,
        "screening": 92,
        "verification": 78
      },
      "task_breakdown": {
        "discover_unique": {
          "count": 289,
          "coverage": 0.0,
          "errors": 0,
          "evidence_cost": 0.19999999999999998,
          "population_mean_gain": -0.00010380622837370242,
          "selected": 0,
          "selective_risk": 0.0,
          "total_gain": -0.03
        },
        "extreme_properties": {
          "count": 462,
          "coverage": 0.0,
          "errors": 0,
          "evidence_cost": 9.05,
          "population_mean_gain": -0.0029383116883116836,
          "selected": 0,
          "selective_risk": 0.0,
          "total_gain": -1.3574999999999977
        },
        "matbench_pairwise": {
          "count": 407,
          "coverage": 0.28501228501228504,
          "errors": 32,
          "evidence_cost": 0.8500000000000004,
          "population_mean_gain": 0.12430600056444668,
          "selected": 116,
          "selective_risk": 0.27586206896551724,
          "total_gain": 50.5925422297298
        }
      },
      "total_acquired_evidence_cost": 10.099999999999998,
      "trajectory_total_strict_gain": 49.20504222973,
      "worst_task_population_mean_gain": -0.0029383116883116836,
      "worst_task_selective_risk": 0.27586206896551724
    },
    "adaptive_conservative_ltt": {
      "available": false,
      "certified": false,
      "reason": "no simultaneously certified LTT threshold on policy feedback"
    },
    "adaptive_conservative_voi": {
      "alpha": 0.1,
      "certificate_scope": "independent held-out batch certificate; batch ranking couples actions and is not an assumption-free action-wise theorem",
      "certified": false,
      "coverage": 0.1001727115716753,
      "errors": 15,
      "macro_task_population_mean_gain": 0.0698287270335022,
      "macro_task_selective_risk": 0.22364126578685964,
      "population_mean_strict_gain": 0.06785122196313956,
      "risk_upper_bound": 0.19211178902063927,
      "selected_count": 116,
      "selected_mean_strict_gain": 0.690176422700995,
      "selected_total_strict_gain": 80.06046503331542,
      "selective_risk": 0.12931034482758622,
      "stage_counts": {
        "base": 988,
        "screening": 92,
        "verification": 78
      },
      "task_breakdown": {
        "discover_unique": {
          "count": 289,
          "coverage": 0.10034602076124567,
          "errors": 8,
          "evidence_cost": 0.19999999999999998,
          "population_mean_gain": 0.05826245147285814,
          "selected": 29,
          "selective_risk": 0.27586206896551724,
          "total_gain": 16.837848475656003
        },
        "extreme_properties": {
          "count": 462,
          "coverage": 0.012987012987012988,
          "errors": 2,
          "evidence_cost": 9.05,
          "population_mean_gain": 0.003378338167391988,
          "selected": 6,
          "selective_risk": 0.3333333333333333,
          "total_gain": 1.5607922333350985
        },
        "matbench_pairwise": {
          "count": 407,
          "coverage": 0.19901719901719903,
          "errors": 5,
          "evidence_cost": 0.8500000000000004,
          "population_mean_gain": 0.14784539146025646,
          "selected": 81,
          "selective_risk": 0.06172839506172839,
          "total_gain": 60.17307432432438
        }
      },
      "total_acquired_evidence_cost": 10.099999999999998,
      "trajectory_total_strict_gain": 78.57171503331561,
      "worst_task_population_mean_gain": 0.003378338167391988,
      "worst_task_selective_risk": 0.3333333333333333
    },
    "adaptive_mean_voi": {
      "alpha": 0.1,
      "certificate_scope": "independent held-out batch certificate; batch ranking couples actions and is not an assumption-free action-wise theorem",
      "certified": false,
      "coverage": 0.1001727115716753,
      "errors": 17,
      "macro_task_population_mean_gain": 0.06746884060266982,
      "macro_task_selective_risk": 0.23187171846175678,
      "population_mean_strict_gain": 0.06533519071168085,
      "risk_upper_bound": 0.21168075585907178,
      "selected_count": 116,
      "selected_mean_strict_gain": 0.6746284555528123,
      "selected_total_strict_gain": 78.25690084412622,
      "selective_risk": 0.14655172413793102,
      "stage_counts": {
        "base": 903,
        "screening": 104,
        "verification": 151
      },
      "task_breakdown": {
        "discover_unique": {
          "count": 289,
          "coverage": 0.10034602076124567,
          "errors": 8,
          "evidence_cost": 0.19999999999999998,
          "population_mean_gain": 0.05826245147285814,
          "selected": 29,
          "selective_risk": 0.27586206896551724,
          "total_gain": 16.837848475656003
        },
        "extreme_properties": {
          "count": 462,
          "coverage": 0.012987012987012988,
          "errors": 2,
          "evidence_cost": 10.849999999999996,
          "population_mean_gain": 0.0027939225829764053,
          "selected": 6,
          "selective_risk": 0.3333333333333333,
          "total_gain": 1.2907922333350992
        },
        "matbench_pairwise": {
          "count": 407,
          "coverage": 0.19901719901719903,
          "errors": 7,
          "evidence_cost": 6.6499999999999995,
          "population_mean_gain": 0.14135014775217494,
          "selected": 81,
          "selective_risk": 0.08641975308641975,
          "total_gain": 57.529510135135205
        }
      },
      "total_acquired_evidence_cost": 17.69999999999998,
      "trajectory_total_strict_gain": 75.65815084412642,
      "worst_task_population_mean_gain": 0.0027939225829764053,
      "worst_task_selective_risk": 0.3333333333333333
    },
    "base_factorized_lcb": {
      "alpha": 0.1,
      "certificate_scope": "independent held-out batch certificate; batch ranking couples actions and is not an assumption-free action-wise theorem",
      "certified": false,
      "coverage": 0.1001727115716753,
      "errors": 13,
      "macro_task_population_mean_gain": 0.07168865810616092,
      "macro_task_selective_risk": 0.11417748917748917,
      "population_mean_strict_gain": 0.06995186718861061,
      "risk_upper_bound": 0.17226235722653288,
      "selected_count": 116,
      "selected_mean_strict_gain": 0.6983126052104405,
      "selected_total_strict_gain": 81.00426220441109,
      "selective_risk": 0.11206896551724138,
      "stage_counts": {
        "base": 1158,
        "screening": 0,
        "verification": 0
      },
      "task_breakdown": {
        "discover_unique": {
          "count": 289,
          "coverage": 0.09688581314878893,
          "errors": 8,
          "evidence_cost": 0.0,
          "population_mean_gain": 0.05531855375602835,
          "selected": 28,
          "selective_risk": 0.2857142857142857,
          "total_gain": 15.987062035492194
        },
        "extreme_properties": {
          "count": 462,
          "coverage": 0.0,
          "errors": 0,
          "evidence_cost": 0.0,
          "population_mean_gain": 0.0,
          "selected": 0,
          "selective_risk": 0.0,
          "total_gain": 0.0
        },
        "matbench_pairwise": {
          "count": 407,
          "coverage": 0.21621621621621623,
          "errors": 5,
          "evidence_cost": 0.0,
          "population_mean_gain": 0.1597474205624544,
          "selected": 88,
          "selective_risk": 0.056818181818181816,
          "total_gain": 65.01720016891893
        }
      },
      "total_acquired_evidence_cost": 0.0,
      "trajectory_total_strict_gain": 81.00426220441109,
      "worst_task_population_mean_gain": 0.0,
      "worst_task_selective_risk": 0.2857142857142857
    },
    "base_factorized_lcb_task_balanced": {
      "alpha": 0.1,
      "certificate_scope": "independent held-out batch certificate; batch ranking couples actions and is not an assumption-free action-wise theorem",
      "certified": false,
      "coverage": 0.06044905008635579,
      "errors": 9,
      "macro_task_population_mean_gain": 0.0470939161458895,
      "macro_task_selective_risk": 0.10008410428931876,
      "population_mean_strict_gain": 0.043708508812941006,
      "risk_upper_bound": 0.2136365213193448,
      "selected_count": 70,
      "selected_mean_strict_gain": 0.7230636172197955,
      "selected_total_strict_gain": 50.614453205385686,
      "selective_risk": 0.12857142857142856,
      "stage_counts": {
        "base": 1158,
        "screening": 0,
        "verification": 0
      },
      "task_breakdown": {
        "discover_unique": {
          "count": 289,
          "coverage": 0.10034602076124567,
          "errors": 8,
          "evidence_cost": 0.0,
          "population_mean_gain": 0.05836625770123185,
          "selected": 29,
          "selective_risk": 0.27586206896551724,
          "total_gain": 16.867848475656004
        },
        "extreme_properties": {
          "count": 462,
          "coverage": 0.0,
          "errors": 0,
          "evidence_cost": 0.0,
          "population_mean_gain": 0.0,
          "selected": 0,
          "selective_risk": 0.0,
          "total_gain": 0.0
        },
        "matbench_pairwise": {
          "count": 407,
          "coverage": 0.10073710073710074,
          "errors": 1,
          "evidence_cost": 0.0,
          "population_mean_gain": 0.08291549073643664,
          "selected": 41,
          "selective_risk": 0.024390243902439025,
          "total_gain": 33.74660472972971
        }
      },
      "total_acquired_evidence_cost": 0.0,
      "trajectory_total_strict_gain": 50.614453205385686,
      "worst_task_population_mean_gain": 0.0,
      "worst_task_selective_risk": 0.27586206896551724
    },
    "decision_consistent_kg_mean": {
      "alpha": 0.1,
      "certificate_scope": "independent held-out batch certificate; batch ranking couples actions and is not an assumption-free action-wise theorem",
      "certified": false,
      "coverage": 0.1001727115716753,
      "errors": 13,
      "macro_task_population_mean_gain": 0.07199012694219267,
      "macro_task_selective_risk": 0.1111111111111111,
      "population_mean_strict_gain": 0.0699595080310711,
      "risk_upper_bound": 0.17226235722653288,
      "selected_count": 116,
      "selected_mean_strict_gain": 0.6986151749998302,
      "selected_total_strict_gain": 81.0393602999803,
      "selective_risk": 0.11206896551724138,
      "stage_counts": {
        "base": 1150,
        "screening": 8,
        "verification": 0
      },
      "task_breakdown": {
        "discover_unique": {
          "count": 289,
          "coverage": 0.10034602076124567,
          "errors": 8,
          "evidence_cost": 0.05,
          "population_mean_gain": 0.05834030614413842,
          "selected": 29,
          "selective_risk": 0.27586206896551724,
          "total_gain": 16.860348475656004
        },
        "extreme_properties": {
          "count": 462,
          "coverage": 0.0,
          "errors": 0,
          "evidence_cost": 0.15,
          "population_mean_gain": -4.87012987012987e-05,
          "selected": 0,
          "selective_risk": 0.0,
          "total_gain": -0.0225
        },
        "matbench_pairwise": {
          "count": 407,
          "coverage": 0.21375921375921375,
          "errors": 5,
          "evidence_cost": 0.0,
          "population_mean_gain": 0.15767877598114088,
          "selected": 87,
          "selective_risk": 0.05747126436781609,
          "total_gain": 64.17526182432434
        }
      },
      "total_acquired_evidence_cost": 0.19999999999999998,
      "trajectory_total_strict_gain": 81.01311029998033,
      "worst_task_population_mean_gain": -4.87012987012987e-05,
      "worst_task_selective_risk": 0.27586206896551724
    },
    "decision_consistent_safe_kg": {
      "alpha": 0.1,
      "certificate_scope": "independent held-out batch certificate; batch ranking couples actions and is not an assumption-free action-wise theorem",
      "certified": false,
      "coverage": 0.1001727115716753,
      "errors": 13,
      "macro_task_population_mean_gain": 0.07201068596794201,
      "macro_task_selective_risk": 0.1111111111111111,
      "population_mean_strict_gain": 0.06998217642485345,
      "risk_upper_bound": 0.17226235722653288,
      "selected_count": 116,
      "selected_mean_strict_gain": 0.6986151749998302,
      "selected_total_strict_gain": 81.0393602999803,
      "selective_risk": 0.11206896551724138,
      "stage_counts": {
        "base": 1157,
        "screening": 1,
        "verification": 0
      },
      "task_breakdown": {
        "discover_unique": {
          "count": 289,
          "coverage": 0.10034602076124567,
          "errors": 8,
          "evidence_cost": 0.025,
          "population_mean_gain": 0.058353281922685137,
          "selected": 29,
          "selective_risk": 0.27586206896551724,
          "total_gain": 16.864098475656004
        },
        "extreme_properties": {
          "count": 462,
          "coverage": 0.0,
          "errors": 0,
          "evidence_cost": 0.0,
          "population_mean_gain": 0.0,
          "selected": 0,
          "selective_risk": 0.0,
          "total_gain": 0.0
        },
        "matbench_pairwise": {
          "count": 407,
          "coverage": 0.21375921375921375,
          "errors": 5,
          "evidence_cost": 0.0,
          "population_mean_gain": 0.15767877598114088,
          "selected": 87,
          "selective_risk": 0.05747126436781609,
          "total_gain": 64.17526182432434
        }
      },
      "total_acquired_evidence_cost": 0.025,
      "trajectory_total_strict_gain": 81.0393602999803,
      "worst_task_population_mean_gain": 0.0,
      "worst_task_selective_risk": 0.27586206896551724
    },
    "fixed_full_evidence_lcb": {
      "alpha": 0.1,
      "certificate_scope": "independent held-out batch certificate; batch ranking couples actions and is not an assumption-free action-wise theorem",
      "certified": true,
      "coverage": 0.1001727115716753,
      "errors": 1,
      "macro_task_population_mean_gain": 0.06289952293459412,
      "macro_task_selective_risk": 0.0030864197530864196,
      "population_mean_strict_gain": 0.06621348633583038,
      "risk_upper_bound": 0.040241331893681516,
      "selected_count": 116,
      "selected_mean_strict_gain": 0.7957346308352771,
      "selected_total_strict_gain": 92.30521717689214,
      "selective_risk": 0.008620689655172414,
      "stage_counts": {
        "base": 0,
        "screening": 0,
        "verification": 1158
      },
      "task_breakdown": {
        "discover_unique": {
          "count": 289,
          "coverage": 0.01384083044982699,
          "errors": 0,
          "evidence_cost": 28.90000000000014,
          "population_mean_gain": -0.0024171358214148345,
          "selected": 4,
          "selective_risk": 0.0,
          "total_gain": -0.6985522523888872
        },
        "extreme_properties": {
          "count": 462,
          "coverage": 0.008658008658008658,
          "errors": 0,
          "evidence_cost": 46.20000000000039,
          "population_mean_gain": -0.0074604064213526725,
          "selected": 4,
          "selective_risk": 0.0,
          "total_gain": -3.4467077666649346
        },
        "matbench_pairwise": {
          "count": 407,
          "coverage": 0.26535626535626533,
          "errors": 1,
          "evidence_cost": 40.70000000000031,
          "population_mean_gain": 0.19857611104654987,
          "selected": 108,
          "selective_risk": 0.009259259259259259,
          "total_gain": 80.8204771959458
        }
      },
      "total_acquired_evidence_cost": 115.7999999999977,
      "trajectory_total_strict_gain": 76.67521717689158,
      "worst_task_population_mean_gain": -0.0074604064213526725,
      "worst_task_selective_risk": 0.009259259259259259
    },
    "fixed_full_evidence_lcb_task_balanced": {
      "alpha": 0.1,
      "certificate_scope": "independent held-out batch certificate; batch ranking couples actions and is not an assumption-free action-wise theorem",
      "certified": false,
      "coverage": 0.06476683937823834,
      "errors": 12,
      "macro_task_population_mean_gain": 0.03351497520294717,
      "macro_task_selective_risk": 0.1931034482758621,
      "population_mean_strict_gain": 0.03163991907006966,
      "risk_upper_bound": 0.24630829299210155,
      "selected_count": 75,
      "selected_mean_strict_gain": 0.705120350441882,
      "selected_total_strict_gain": 52.884026283141154,
      "selective_risk": 0.16,
      "stage_counts": {
        "base": 0,
        "screening": 0,
        "verification": 1158
      },
      "task_breakdown": {
        "discover_unique": {
          "count": 289,
          "coverage": 0.10034602076124567,
          "errors": 11,
          "evidence_cost": 28.90000000000014,
          "population_mean_gain": 0.03253224689917011,
          "selected": 29,
          "selective_risk": 0.3793103448275862,
          "total_gain": 9.40181935386016
        },
        "extreme_properties": {
          "count": 462,
          "coverage": 0.010822510822510822,
          "errors": 1,
          "evidence_cost": 46.20000000000039,
          "population_mean_gain": -0.00807187828282454,
          "selected": 5,
          "selective_risk": 0.2,
          "total_gain": -3.729207766664937
        },
        "matbench_pairwise": {
          "count": 407,
          "coverage": 0.10073710073710074,
          "errors": 0,
          "evidence_cost": 40.70000000000031,
          "population_mean_gain": 0.07608455699249594,
          "selected": 41,
          "selective_risk": 0.0,
          "total_gain": 30.96641469594585
        }
      },
      "total_acquired_evidence_cost": 115.7999999999977,
      "trajectory_total_strict_gain": 36.639026283140666,
      "worst_task_population_mean_gain": -0.00807187828282454,
      "worst_task_selective_risk": 0.3793103448275862
    },
    "fixed_screening_lcb": {
      "alpha": 0.1,
      "certificate_scope": "independent held-out batch certificate; batch ranking couples actions and is not an assumption-free action-wise theorem",
      "certified": false,
      "coverage": 0.1001727115716753,
      "errors": 16,
      "macro_task_population_mean_gain": 0.06611718275614988,
      "macro_task_selective_risk": 0.23073945025164536,
      "population_mean_strict_gain": 0.06459425181728613,
      "risk_upper_bound": 0.2019286111460243,
      "selected_count": 116,
      "selected_mean_strict_gain": 0.6785141690035736,
      "selected_total_strict_gain": 78.70764360441454,
      "selective_risk": 0.13793103448275862,
      "stage_counts": {
        "base": 0,
        "screening": 1158,
        "verification": 0
      },
      "task_breakdown": {
        "discover_unique": {
          "count": 289,
          "coverage": 0.09688581314878893,
          "errors": 8,
          "evidence_cost": 7.225000000000035,
          "population_mean_gain": 0.051441544770404954,
          "selected": 28,
          "selective_risk": 0.2857142857142857,
          "total_gain": 14.866606438647032
        },
        "extreme_properties": {
          "count": 462,
          "coverage": 0.012987012987012988,
          "errors": 2,
          "evidence_cost": 11.550000000000097,
          "population_mean_gain": 0.0025666498557036853,
          "selected": 6,
          "selective_risk": 0.3333333333333333,
          "total_gain": 1.1857922333351025
        },
        "matbench_pairwise": {
          "count": 407,
          "coverage": 0.20147420147420148,
          "errors": 6,
          "evidence_cost": 10.175000000000077,
          "population_mean_gain": 0.144343353642341,
          "selected": 82,
          "selective_risk": 0.07317073170731707,
          "total_gain": 58.74774493243278
        }
      },
      "total_acquired_evidence_cost": 28.949999999999424,
      "trajectory_total_strict_gain": 74.80014360441734,
      "worst_task_population_mean_gain": 0.0025666498557036853,
      "worst_task_selective_risk": 0.3333333333333333
    },
    "fixed_screening_lcb_task_balanced": {
      "alpha": 0.1,
      "certificate_scope": "independent held-out batch certificate; batch ranking couples actions and is not an assumption-free action-wise theorem",
      "certified": false,
      "coverage": 0.0690846286701209,
      "errors": 16,
      "macro_task_population_mean_gain": 0.04439218805149234,
      "macro_task_selective_risk": 0.30821418559013175,
      "population_mean_strict_gain": 0.04124765555670905,
      "risk_upper_bound": 0.28778087129013913,
      "selected_count": 80,
      "selected_mean_strict_gain": 0.6475910641833343,
      "selected_total_strict_gain": 51.80728513466675,
      "selective_risk": 0.2,
      "stage_counts": {
        "base": 0,
        "screening": 1158,
        "verification": 0
      },
      "task_breakdown": {
        "discover_unique": {
          "count": 289,
          "coverage": 0.10034602076124567,
          "errors": 8,
          "evidence_cost": 7.225000000000035,
          "population_mean_gain": 0.05461625770123174,
          "selected": 29,
          "selective_risk": 0.27586206896551724,
          "total_gain": 15.784098475655973
        },
        "extreme_properties": {
          "count": 462,
          "coverage": 0.021645021645021644,
          "errors": 6,
          "evidence_cost": 11.550000000000097,
          "population_mean_gain": 0.00012076240981623407,
          "selected": 10,
          "selective_risk": 0.6,
          "total_gain": 0.05579223333510014
        },
        "matbench_pairwise": {
          "count": 407,
          "coverage": 0.10073710073710074,
          "errors": 2,
          "evidence_cost": 10.175000000000077,
          "population_mean_gain": 0.07843954404342904,
          "selected": 41,
          "selective_risk": 0.04878048780487805,
          "total_gain": 31.92489442567562
        }
      },
      "total_acquired_evidence_cost": 28.949999999999424,
      "trajectory_total_strict_gain": 47.764785134669076,
      "worst_task_population_mean_gain": 0.00012076240981623407,
      "worst_task_selective_risk": 0.6
    },
    "learned_portfolio_kg_lcb": {
      "alpha": 0.1,
      "certificate_scope": "independent held-out batch certificate; batch ranking couples actions and is not an assumption-free action-wise theorem",
      "certified": false,
      "coverage": 0.06044905008635579,
      "errors": 10,
      "macro_task_population_mean_gain": 0.04634762585990326,
      "macro_task_selective_risk": 0.10821418559013175,
      "population_mean_strict_gain": 0.04292161724196589,
      "risk_upper_bound": 0.23026280629235507,
      "selected_count": 70,
      "selected_mean_strict_gain": 0.71058189665995,
      "selected_total_strict_gain": 49.7407327661965,
      "selective_risk": 0.14285714285714285,
      "stage_counts": {
        "base": 1143,
        "screening": 12,
        "verification": 3
      },
      "task_breakdown": {
        "discover_unique": {
          "count": 289,
          "coverage": 0.10034602076124567,
          "errors": 8,
          "evidence_cost": 0.0,
          "population_mean_gain": 0.05836625770123185,
          "selected": 29,
          "selective_risk": 0.27586206896551724,
          "total_gain": 16.867848475656004
        },
        "extreme_properties": {
          "count": 462,
          "coverage": 0.0,
          "errors": 0,
          "evidence_cost": 0.0,
          "population_mean_gain": 0.0,
          "selected": 0,
          "selective_risk": 0.0,
          "total_gain": 0.0
        },
        "matbench_pairwise": {
          "count": 407,
          "coverage": 0.10073710073710074,
          "errors": 2,
          "evidence_cost": 0.6000000000000001,
          "population_mean_gain": 0.08067661987847795,
          "selected": 41,
          "selective_risk": 0.04878048780487805,
          "total_gain": 32.835384290540524
        }
      },
      "total_acquired_evidence_cost": 0.6000000000000001,
      "trajectory_total_strict_gain": 49.7032327661965,
      "worst_task_population_mean_gain": 0.0,
      "worst_task_selective_risk": 0.27586206896551724
    },
    "learned_portfolio_kg_mean": {
      "alpha": 0.1,
      "certificate_scope": "independent held-out batch certificate; batch ranking couples actions and is not an assumption-free action-wise theorem",
      "certified": false,
      "coverage": 0.06044905008635579,
      "errors": 8,
      "macro_task_population_mean_gain": 0.04736152673866901,
      "macro_task_selective_risk": 0.09195402298850575,
      "population_mean_strict_gain": 0.04399067853123444,
      "risk_upper_bound": 0.1967722734203974,
      "selected_count": 70,
      "selected_mean_strict_gain": 0.7324993677024211,
      "selected_total_strict_gain": 51.27495573916948,
      "selective_risk": 0.11428571428571428,
      "stage_counts": {
        "base": 1076,
        "screening": 41,
        "verification": 41
      },
      "task_breakdown": {
        "discover_unique": {
          "count": 289,
          "coverage": 0.10034602076124567,
          "errors": 8,
          "evidence_cost": 0.0,
          "population_mean_gain": 0.05836625770123185,
          "selected": 29,
          "selective_risk": 0.27586206896551724,
          "total_gain": 16.867848475656004
        },
        "extreme_properties": {
          "count": 462,
          "coverage": 0.0,
          "errors": 0,
          "evidence_cost": 0.0,
          "population_mean_gain": 0.0,
          "selected": 0,
          "selective_risk": 0.0,
          "total_gain": 0.0
        },
        "matbench_pairwise": {
          "count": 407,
          "coverage": 0.10073710073710074,
          "errors": 0,
          "evidence_cost": 5.124999999999999,
          "population_mean_gain": 0.08371832251477518,
          "selected": 41,
          "selective_risk": 0.0,
          "total_gain": 34.0733572635135
        }
      },
      "total_acquired_evidence_cost": 5.124999999999999,
      "trajectory_total_strict_gain": 50.941205739169476,
      "worst_task_population_mean_gain": 0.0,
      "worst_task_selective_risk": 0.27586206896551724
    },
    "oracle_stage_and_execution": {
      "alpha": 0.1,
      "certificate_scope": "independent held-out batch certificate; batch ranking couples actions and is not an assumption-free action-wise theorem",
      "certified": true,
      "coverage": 0.1001727115716753,
      "errors": 0,
      "macro_task_population_mean_gain": 0.09151304309731816,
      "macro_task_selective_risk": 0.0,
      "population_mean_strict_gain": 0.08759360793959574,
      "risk_upper_bound": 0.025494657957392274,
      "selected_count": 116,
      "selected_mean_strict_gain": 0.8744258447763092,
      "selected_total_strict_gain": 101.43339799405187,
      "selective_risk": 0.0,
      "stage_counts": {
        "base": 1158,
        "screening": 0,
        "verification": 0
      },
      "task_breakdown": {
        "discover_unique": {
          "count": 289,
          "coverage": 0.10380622837370242,
          "errors": 0,
          "evidence_cost": 0.0,
          "population_mean_gain": 0.09083648537795933,
          "selected": 30,
          "selective_risk": 0.0,
          "total_gain": 26.251744274230244
        },
        "extreme_properties": {
          "count": 462,
          "coverage": 0.008658008658008658,
          "errors": 0,
          "evidence_cost": 0.0,
          "population_mean_gain": 0.007539593578647396,
          "selected": 4,
          "selective_risk": 0.0,
          "total_gain": 3.483292233335097
        },
        "matbench_pairwise": {
          "count": 407,
          "coverage": 0.20147420147420148,
          "errors": 0,
          "evidence_cost": 0.0,
          "population_mean_gain": 0.1761630503353477,
          "selected": 82,
          "selective_risk": 0.0,
          "total_gain": 71.69836148648652
        }
      },
      "total_acquired_evidence_cost": 0.0,
      "trajectory_total_strict_gain": 101.43339799405187,
      "worst_task_population_mean_gain": 0.007539593578647396,
      "worst_task_selective_risk": 0.0
    },
    "shadow_price_adaptive_conservative": {
      "alpha": 0.1,
      "certificate_scope": "independent held-out batch certificate; batch ranking couples actions and is not an assumption-free action-wise theorem",
      "certified": false,
      "coverage": 0.1001727115716753,
      "errors": 13,
      "macro_task_population_mean_gain": 0.07168865810616092,
      "macro_task_selective_risk": 0.11417748917748917,
      "population_mean_strict_gain": 0.06995186718861061,
      "risk_upper_bound": 0.17226235722653288,
      "selected_count": 116,
      "selected_mean_strict_gain": 0.6983126052104405,
      "selected_total_strict_gain": 81.00426220441109,
      "selective_risk": 0.11206896551724138,
      "stage_counts": {
        "base": 1158,
        "screening": 0,
        "verification": 0
      },
      "task_breakdown": {
        "discover_unique": {
          "count": 289,
          "coverage": 0.09688581314878893,
          "errors": 8,
          "evidence_cost": 0.0,
          "population_mean_gain": 0.05531855375602835,
          "selected": 28,
          "selective_risk": 0.2857142857142857,
          "total_gain": 15.987062035492194
        },
        "extreme_properties": {
          "count": 462,
          "coverage": 0.0,
          "errors": 0,
          "evidence_cost": 0.0,
          "population_mean_gain": 0.0,
          "selected": 0,
          "selective_risk": 0.0,
          "total_gain": 0.0
        },
        "matbench_pairwise": {
          "count": 407,
          "coverage": 0.21621621621621623,
          "errors": 5,
          "evidence_cost": 0.0,
          "population_mean_gain": 0.1597474205624544,
          "selected": 88,
          "selective_risk": 0.056818181818181816,
          "total_gain": 65.01720016891893
        }
      },
      "total_acquired_evidence_cost": 0.0,
      "trajectory_total_strict_gain": 81.00426220441109,
      "worst_task_population_mean_gain": 0.0,
      "worst_task_selective_risk": 0.2857142857142857
    },
    "shadow_price_adaptive_mean": {
      "alpha": 0.1,
      "certificate_scope": "independent held-out batch certificate; batch ranking couples actions and is not an assumption-free action-wise theorem",
      "certified": false,
      "coverage": 0.1001727115716753,
      "errors": 15,
      "macro_task_population_mean_gain": 0.07064289375381076,
      "macro_task_selective_risk": 0.22364126578685964,
      "population_mean_strict_gain": 0.0688000561600309,
      "risk_upper_bound": 0.19211178902063927,
      "selected_count": 116,
      "selected_mean_strict_gain": 0.690176422700995,
      "selected_total_strict_gain": 80.06046503331542,
      "selective_risk": 0.12931034482758622,
      "stage_counts": {
        "base": 1047,
        "screening": 111,
        "verification": 0
      },
      "task_breakdown": {
        "discover_unique": {
          "count": 289,
          "coverage": 0.10034602076124567,
          "errors": 8,
          "evidence_cost": 0.05,
          "population_mean_gain": 0.05834030614413842,
          "selected": 29,
          "selective_risk": 0.27586206896551724,
          "total_gain": 16.860348475656004
        },
        "extreme_properties": {
          "count": 462,
          "coverage": 0.012987012987012988,
          "errors": 2,
          "evidence_cost": 2.6749999999999945,
          "population_mean_gain": 0.005448143362197179,
          "selected": 6,
          "selective_risk": 0.3333333333333333,
          "total_gain": 2.517042233335097
        },
        "matbench_pairwise": {
          "count": 407,
          "coverage": 0.19901719901719903,
          "errors": 5,
          "evidence_cost": 0.05,
          "population_mean_gain": 0.1481402317550967,
          "selected": 81,
          "selective_risk": 0.06172839506172839,
          "total_gain": 60.29307432432436
        }
      },
      "total_acquired_evidence_cost": 2.774999999999994,
      "trajectory_total_strict_gain": 79.67046503331578,
      "worst_task_population_mean_gain": 0.005448143362197179,
      "worst_task_selective_risk": 0.3333333333333333
    },
    "shadow_price_successive_halving": {
      "alpha": 0.1,
      "certificate_scope": "independent held-out batch certificate; batch ranking couples actions and is not an assumption-free action-wise theorem",
      "certified": false,
      "coverage": 0.1001727115716753,
      "errors": 13,
      "macro_task_population_mean_gain": 0.07011939403689685,
      "macro_task_selective_risk": 0.11417748917748917,
      "population_mean_strict_gain": 0.06807362884664199,
      "risk_upper_bound": 0.17226235722653288,
      "selected_count": 116,
      "selected_mean_strict_gain": 0.6983126052104405,
      "selected_total_strict_gain": 81.00426220441109,
      "selective_risk": 0.11206896551724138,
      "stage_counts": {
        "base": 926,
        "screening": 116,
        "verification": 116
      },
      "task_breakdown": {
        "discover_unique": {
          "count": 289,
          "coverage": 0.09688581314878893,
          "errors": 8,
          "evidence_cost": 0.0,
          "population_mean_gain": 0.05531855375602835,
          "selected": 28,
          "selective_risk": 0.2857142857142857,
          "total_gain": 15.987062035492194
        },
        "extreme_properties": {
          "count": 462,
          "coverage": 0.0,
          "errors": 0,
          "evidence_cost": 14.499999999999998,
          "population_mean_gain": -0.004707792207792192,
          "selected": 0,
          "selective_risk": 0.0,
          "total_gain": -2.1749999999999927
        },
        "matbench_pairwise": {
          "count": 407,
          "coverage": 0.21621621621621623,
          "errors": 5,
          "evidence_cost": 0.0,
          "population_mean_gain": 0.1597474205624544,
          "selected": 88,
          "selective_risk": 0.056818181818181816,
          "total_gain": 65.01720016891893
        }
      },
      "total_acquired_evidence_cost": 14.499999999999998,
      "trajectory_total_strict_gain": 78.82926220441142,
      "worst_task_population_mean_gain": -0.004707792207792192,
      "worst_task_selective_risk": 0.2857142857142857
    },
    "static_reliability": {
      "alpha": 0.1,
      "certificate_scope": "independent held-out batch certificate; batch ranking couples actions and is not an assumption-free action-wise theorem",
      "certified": false,
      "coverage": 0.1001727115716753,
      "errors": 96,
      "macro_task_population_mean_gain": -0.0017716703833414603,
      "macro_task_selective_risk": 0.27586206896551724,
      "population_mean_strict_gain": -0.001326457877683114,
      "risk_upper_bound": 0.8827124908402241,
      "selected_count": 116,
      "selected_mean_strict_gain": -0.01324170881342281,
      "selected_total_strict_gain": -1.536038222357046,
      "selective_risk": 0.8275862068965517,
      "stage_counts": {
        "base": 1158,
        "screening": 0,
        "verification": 0
      },
      "task_breakdown": {
        "discover_unique": {
          "count": 289,
          "coverage": 0.4013840830449827,
          "errors": 96,
          "evidence_cost": 0.0,
          "population_mean_gain": -0.005315011150024381,
          "selected": 116,
          "selective_risk": 0.8275862068965517,
          "total_gain": -1.536038222357046
        },
        "extreme_properties": {
          "count": 462,
          "coverage": 0.0,
          "errors": 0,
          "evidence_cost": 0.0,
          "population_mean_gain": 0.0,
          "selected": 0,
          "selective_risk": 0.0,
          "total_gain": 0.0
        },
        "matbench_pairwise": {
          "count": 407,
          "coverage": 0.0,
          "errors": 0,
          "evidence_cost": 0.0,
          "population_mean_gain": 0.0,
          "selected": 0,
          "selective_risk": 0.0,
          "total_gain": 0.0
        }
      },
      "total_acquired_evidence_cost": 0.0,
      "trajectory_total_strict_gain": -1.536038222357046,
      "worst_task_population_mean_gain": -0.005315011150024381,
      "worst_task_selective_risk": 0.8275862068965517
    }
  },
  "portfolio_kg_audit": {
    "calibration_examples": 664,
    "fit_examples": 689,
    "fit_heads": {
      "discover_unique::base->screening": {
        "count": 248,
        "mean_realized_incremental_gain": -0.04759858941301383,
        "positive_rate": 0.004032258064516129
      },
      "discover_unique::screening->verification": {
        "count": 248,
        "mean_realized_incremental_gain": -0.0023407157151033387,
        "positive_rate": 0.036290322580645164
      },
      "extreme_properties::base->screening": {
        "count": 240,
        "mean_realized_incremental_gain": -0.003750000000000008,
        "positive_rate": 0.0
      },
      "extreme_properties::screening->verification": {
        "count": 240,
        "mean_realized_incremental_gain": -0.011249999999999986,
        "positive_rate": 0.0
      },
      "matbench_pairwise::base->screening": {
        "count": 201,
        "mean_realized_incremental_gain": 0.007343497882210679,
        "positive_rate": 0.06965174129353234
      },
      "matbench_pairwise::screening->verification": {
        "count": 201,
        "mean_realized_incremental_gain": -0.020963888328627226,
        "positive_rate": 0.06965174129353234
      }
    },
    "heads": {
      "discover_unique::base->screening": {
        "count": 256,
        "mean_absolute_error": 0.0591463121061092,
        "mean_realized_incremental_gain": -0.05337916398073717,
        "positive_rate": 0.00390625
      },
      "discover_unique::screening->verification": {
        "count": 256,
        "mean_absolute_error": 0.09143978587598699,
        "mean_realized_incremental_gain": -0.019290754635598387,
        "positive_rate": 0.01953125
      },
      "extreme_properties::base->screening": {
        "count": 201,
        "mean_absolute_error": 9.107298248878237e-18,
        "mean_realized_incremental_gain": -0.0037500000000000033,
        "positive_rate": 0.0
      },
      "extreme_properties::screening->verification": {
        "count": 201,
        "mean_absolute_error": 1.5612511283791264e-17,
        "mean_realized_incremental_gain": -0.011249999999999987,
        "positive_rate": 0.0
      },
      "matbench_pairwise::base->screening": {
        "count": 207,
        "mean_absolute_error": 0.028375259210216,
        "mean_realized_incremental_gain": 0.0077043551703878214,
        "positive_rate": 0.06763285024154589
      },
      "matbench_pairwise::screening->verification": {
        "count": 207,
        "mean_absolute_error": 0.03573715616062985,
        "mean_realized_incremental_gain": -0.01764974213343794,
        "positive_rate": 0.03864734299516908
      }
    },
    "portfolio_context_examples": 1353
  },
  "test": null
}
